
> hetnaz-dating-frontend@1.0.0 type-check
> tsc --noEmit

src/module/male/pages/ChatWindowPage.tsx(26,1): error TS6133: 'MaterialSymbol' is declared but its value is never read.
